// Jest Snapshot v1, https://goo.gl/fbAQLP

exports[`renders correctly 1`] = `
<View
  className="flex flex-col flex-1 native:justify-center native:px-4"
>
  <Text
    className="text-foreground web:select-text text-2xl"
  >
    Test message
  </Text>
</View>
`;
