// Jest Snapshot v1, https://goo.gl/fbAQLP

exports[`renders correctly 1`] = `
<View
  className="flex flex-col gap-2 native:justify-center native:px-4"
>
  <Text
    className="text-foreground web:select-text text-2xl"
  >
    Is this the best app ever?
  </Text>
  <View
    className="web:grid gap-2"
    role="radiogroup"
  >
    <View
      className="flex-row items-center gap-2"
    >
      <View
        accessibilityState={
          {
            "busy": undefined,
            "checked": false,
            "disabled": false,
            "expanded": undefined,
            "selected": undefined,
          }
        }
        accessibilityValue={
          {
            "max": undefined,
            "min": undefined,
            "now": undefined,
            "text": undefined,
          }
        }
        accessible={true}
        aria-labelledby="label-for-Strongly disagree"
        className="aspect-square h-4 w-4 native:h-5 native:w-5 rounded-full justify-center items-center border border-primary text-primary web:ring-offset-background web:focus:outline-none web:focus-visible:ring-2 web:focus-visible:ring-ring web:focus-visible:ring-offset-2"
        collapsable={false}
        focusable={true}
        onBlur={[Function]}
        onClick={[Function]}
        onFocus={[Function]}
        onResponderGrant={[Function]}
        onResponderMove={[Function]}
        onResponderRelease={[Function]}
        onResponderTerminate={[Function]}
        onResponderTerminationRequest={[Function]}
        onStartShouldSetResponder={[Function]}
        role="radio"
      />
      <View
        accessibilityState={
          {
            "busy": undefined,
            "checked": undefined,
            "disabled": undefined,
            "expanded": undefined,
            "selected": undefined,
          }
        }
        accessibilityValue={
          {
            "max": undefined,
            "min": undefined,
            "now": undefined,
            "text": undefined,
          }
        }
        accessible={true}
        className="web:cursor-default"
        collapsable={false}
        focusable={true}
        onBlur={[Function]}
        onClick={[Function]}
        onFocus={[Function]}
        onResponderGrant={[Function]}
        onResponderMove={[Function]}
        onResponderRelease={[Function]}
        onResponderTerminate={[Function]}
        onResponderTerminationRequest={[Function]}
        onStartShouldSetResponder={[Function]}
      >
        <Text
          className="text-sm text-foreground native:text-base font-medium leading-none web:peer-disabled:cursor-not-allowed web:peer-disabled:opacity-70"
          nativeID="label-for-Strongly disagree"
        >
          <Text
            className="text-foreground web:select-text text-xl"
          >
            Strongly disagree
          </Text>
        </Text>
      </View>
    </View>
    <View
      className="flex-row items-center gap-2"
    >
      <View
        accessibilityState={
          {
            "busy": undefined,
            "checked": false,
            "disabled": false,
            "expanded": undefined,
            "selected": undefined,
          }
        }
        accessibilityValue={
          {
            "max": undefined,
            "min": undefined,
            "now": undefined,
            "text": undefined,
          }
        }
        accessible={true}
        aria-labelledby="label-for-Disagree"
        className="aspect-square h-4 w-4 native:h-5 native:w-5 rounded-full justify-center items-center border border-primary text-primary web:ring-offset-background web:focus:outline-none web:focus-visible:ring-2 web:focus-visible:ring-ring web:focus-visible:ring-offset-2"
        collapsable={false}
        focusable={true}
        onBlur={[Function]}
        onClick={[Function]}
        onFocus={[Function]}
        onResponderGrant={[Function]}
        onResponderMove={[Function]}
        onResponderRelease={[Function]}
        onResponderTerminate={[Function]}
        onResponderTerminationRequest={[Function]}
        onStartShouldSetResponder={[Function]}
        role="radio"
      />
      <View
        accessibilityState={
          {
            "busy": undefined,
            "checked": undefined,
            "disabled": undefined,
            "expanded": undefined,
            "selected": undefined,
          }
        }
        accessibilityValue={
          {
            "max": undefined,
            "min": undefined,
            "now": undefined,
            "text": undefined,
          }
        }
        accessible={true}
        className="web:cursor-default"
        collapsable={false}
        focusable={true}
        onBlur={[Function]}
        onClick={[Function]}
        onFocus={[Function]}
        onResponderGrant={[Function]}
        onResponderMove={[Function]}
        onResponderRelease={[Function]}
        onResponderTerminate={[Function]}
        onResponderTerminationRequest={[Function]}
        onStartShouldSetResponder={[Function]}
      >
        <Text
          className="text-sm text-foreground native:text-base font-medium leading-none web:peer-disabled:cursor-not-allowed web:peer-disabled:opacity-70"
          nativeID="label-for-Disagree"
        >
          <Text
            className="text-foreground web:select-text text-xl"
          >
            Disagree
          </Text>
        </Text>
      </View>
    </View>
    <View
      className="flex-row items-center gap-2"
    >
      <View
        accessibilityState={
          {
            "busy": undefined,
            "checked": false,
            "disabled": false,
            "expanded": undefined,
            "selected": undefined,
          }
        }
        accessibilityValue={
          {
            "max": undefined,
            "min": undefined,
            "now": undefined,
            "text": undefined,
          }
        }
        accessible={true}
        aria-labelledby="label-for-Neutral"
        className="aspect-square h-4 w-4 native:h-5 native:w-5 rounded-full justify-center items-center border border-primary text-primary web:ring-offset-background web:focus:outline-none web:focus-visible:ring-2 web:focus-visible:ring-ring web:focus-visible:ring-offset-2"
        collapsable={false}
        focusable={true}
        onBlur={[Function]}
        onClick={[Function]}
        onFocus={[Function]}
        onResponderGrant={[Function]}
        onResponderMove={[Function]}
        onResponderRelease={[Function]}
        onResponderTerminate={[Function]}
        onResponderTerminationRequest={[Function]}
        onStartShouldSetResponder={[Function]}
        role="radio"
      />
      <View
        accessibilityState={
          {
            "busy": undefined,
            "checked": undefined,
            "disabled": undefined,
            "expanded": undefined,
            "selected": undefined,
          }
        }
        accessibilityValue={
          {
            "max": undefined,
            "min": undefined,
            "now": undefined,
            "text": undefined,
          }
        }
        accessible={true}
        className="web:cursor-default"
        collapsable={false}
        focusable={true}
        onBlur={[Function]}
        onClick={[Function]}
        onFocus={[Function]}
        onResponderGrant={[Function]}
        onResponderMove={[Function]}
        onResponderRelease={[Function]}
        onResponderTerminate={[Function]}
        onResponderTerminationRequest={[Function]}
        onStartShouldSetResponder={[Function]}
      >
        <Text
          className="text-sm text-foreground native:text-base font-medium leading-none web:peer-disabled:cursor-not-allowed web:peer-disabled:opacity-70"
          nativeID="label-for-Neutral"
        >
          <Text
            className="text-foreground web:select-text text-xl"
          >
            Neutral
          </Text>
        </Text>
      </View>
    </View>
    <View
      className="flex-row items-center gap-2"
    >
      <View
        accessibilityState={
          {
            "busy": undefined,
            "checked": false,
            "disabled": false,
            "expanded": undefined,
            "selected": undefined,
          }
        }
        accessibilityValue={
          {
            "max": undefined,
            "min": undefined,
            "now": undefined,
            "text": undefined,
          }
        }
        accessible={true}
        aria-labelledby="label-for-Agree"
        className="aspect-square h-4 w-4 native:h-5 native:w-5 rounded-full justify-center items-center border border-primary text-primary web:ring-offset-background web:focus:outline-none web:focus-visible:ring-2 web:focus-visible:ring-ring web:focus-visible:ring-offset-2"
        collapsable={false}
        focusable={true}
        onBlur={[Function]}
        onClick={[Function]}
        onFocus={[Function]}
        onResponderGrant={[Function]}
        onResponderMove={[Function]}
        onResponderRelease={[Function]}
        onResponderTerminate={[Function]}
        onResponderTerminationRequest={[Function]}
        onStartShouldSetResponder={[Function]}
        role="radio"
      />
      <View
        accessibilityState={
          {
            "busy": undefined,
            "checked": undefined,
            "disabled": undefined,
            "expanded": undefined,
            "selected": undefined,
          }
        }
        accessibilityValue={
          {
            "max": undefined,
            "min": undefined,
            "now": undefined,
            "text": undefined,
          }
        }
        accessible={true}
        className="web:cursor-default"
        collapsable={false}
        focusable={true}
        onBlur={[Function]}
        onClick={[Function]}
        onFocus={[Function]}
        onResponderGrant={[Function]}
        onResponderMove={[Function]}
        onResponderRelease={[Function]}
        onResponderTerminate={[Function]}
        onResponderTerminationRequest={[Function]}
        onStartShouldSetResponder={[Function]}
      >
        <Text
          className="text-sm text-foreground native:text-base font-medium leading-none web:peer-disabled:cursor-not-allowed web:peer-disabled:opacity-70"
          nativeID="label-for-Agree"
        >
          <Text
            className="text-foreground web:select-text text-xl"
          >
            Agree
          </Text>
        </Text>
      </View>
    </View>
    <View
      className="flex-row items-center gap-2"
    >
      <View
        accessibilityState={
          {
            "busy": undefined,
            "checked": false,
            "disabled": false,
            "expanded": undefined,
            "selected": undefined,
          }
        }
        accessibilityValue={
          {
            "max": undefined,
            "min": undefined,
            "now": undefined,
            "text": undefined,
          }
        }
        accessible={true}
        aria-labelledby="label-for-Strongly agree"
        className="aspect-square h-4 w-4 native:h-5 native:w-5 rounded-full justify-center items-center border border-primary text-primary web:ring-offset-background web:focus:outline-none web:focus-visible:ring-2 web:focus-visible:ring-ring web:focus-visible:ring-offset-2"
        collapsable={false}
        focusable={true}
        onBlur={[Function]}
        onClick={[Function]}
        onFocus={[Function]}
        onResponderGrant={[Function]}
        onResponderMove={[Function]}
        onResponderRelease={[Function]}
        onResponderTerminate={[Function]}
        onResponderTerminationRequest={[Function]}
        onStartShouldSetResponder={[Function]}
        role="radio"
      />
      <View
        accessibilityState={
          {
            "busy": undefined,
            "checked": undefined,
            "disabled": undefined,
            "expanded": undefined,
            "selected": undefined,
          }
        }
        accessibilityValue={
          {
            "max": undefined,
            "min": undefined,
            "now": undefined,
            "text": undefined,
          }
        }
        accessible={true}
        className="web:cursor-default"
        collapsable={false}
        focusable={true}
        onBlur={[Function]}
        onClick={[Function]}
        onFocus={[Function]}
        onResponderGrant={[Function]}
        onResponderMove={[Function]}
        onResponderRelease={[Function]}
        onResponderTerminate={[Function]}
        onResponderTerminationRequest={[Function]}
        onStartShouldSetResponder={[Function]}
      >
        <Text
          className="text-sm text-foreground native:text-base font-medium leading-none web:peer-disabled:cursor-not-allowed web:peer-disabled:opacity-70"
          nativeID="label-for-Strongly agree"
        >
          <Text
            className="text-foreground web:select-text text-xl"
          >
            Strongly agree
          </Text>
        </Text>
      </View>
    </View>
  </View>
</View>
`;
